
============================================================
                    M U R O S Y N C
      High-Precision Optical Timing & Synchronization
============================================================
 Platform : FPGA  XCAU15P
 CPU      : MicroBlaze
 Firmware : v1.119  (code 65655)
 Build    : GT Bring-Up
 Built at : 2026-06-05 20:56:06 UTC
            (1780692965 UTC)
============================================================

        MUROSYNC SERDES | Checking RD-access over AXI
                AXI OK: TEST_CONST = 0x4D55524F
        MUROSYNC SERDES | Checking WR/RD-access over AXI
                TEST_SCRATCH PAT1 pattern 0xA5A55A5A
                TEST_SCRATCH PAT2 pattern 0x5AA5A55A
                AXI OK: TEST_SCRATCH write/readback OK

[MUROSYNC] === IP INFO ===
        Raw          : 0x04000912
        Mode         : MASTER
        IP version   : v1.9
        NUM_CHANNELS : 4

[MUROSYNC] === MASTER FLOW ===

AXI MUROSYNC SERDES BRING-UP
        MUROSYNC SERDES | Checking RD-access over AXI
                AXI OK: TEST_CONST = 0x4D55524F
        MUROSYNC SERDES | Checking WR/RD-access over AXI
                TEST_SCRATCH PAT1 pattern 0xA5A55A5A
                TEST_SCRATCH PAT2 pattern 0x5AA5A55A
                AXI OK: TEST_SCRATCH write/readback OK
        MUROSYNC SERDES | Reset sequence
                Pulse LINK_LATCH_RESET...
                Pulse GT_RESET_ALL...
        MUROSYNC SERDES | Set loopback = 0
        MUROSYNC SERDES | Waiting link up...
        MUROSYNC SERDES | Link is up, clear sticky latch again...
        MUROSYNC SERDES | LINK UP! STATUS=0xFFFF0001
        MUROSYNC SERDES | STATUS=0xFFFF0001
                LINK_UP            : 1
                LINK_DOWN_LATCHED  : 0
                PLL_LOCK_VEC       : 0xF
                GTPOWERGOOD_VEC    : 0xF
                TXPMARESETDONE_VEC : 0xF
                RXPMARESETDONE_VEC : 0xF
        MUROSYNC SERDES | DBG=0x000000003E1FFFF2

[MUROSYNC] === GT WIZARD GROUND TRUTH (post bring-up) ===
        RXCOMMADET       : 0x0 [CH3=0 CH2=0 CH1=0 CH0=0]
        RXBYTEISALIGNED  : 0xE [CH3=1 CH2=1 CH1=1 CH0=0]
        RXBYTEREALIGN    : 0x0

=== SWEEP ch_mask=0x1 (2000 ms each) ===

  pattern     lock  WER         BER(est)    comma  verdict
  ----------  ----  ----------  ----------  -----  ----------
  0xAAAAAAAA  OK    9.83e-04    1.84e-04    -      FAIL
  0x00000000  OK    1.07e-06    5.36e-07    -      DEGRADED
  0xFFFFFFFF  OK    3.89e-06    4.86e-07    -      DEGRADED
  0x55555555  OK    2.25e-03    2.81e-04    -      FAIL
  0x12121212  OK    5.58e-06    1.39e-06    -      DEGRADED
  0x12341234  OK    1.04e-03    1.95e-04    -      FAIL
  0x12345678  OK    9.83e-04    1.84e-04    -      DEGRADED
  ----------  ----  ----------  ----------  -----  ----------
  WORST: 0x55555555  ->  overall FAIL

[MUROSYNC] === entering main loop ===
[MUROSYNC] alive #0 (M v1.9)
[MUROSYNC] SERDES LINK UP

[MUROSYNC] === GT WIZARD GROUND TRUTH (periodic) ===
        RXCOMMADET       : 0x0 [CH3=0 CH2=0 CH1=0 CH0=0]
        RXBYTEISALIGNED  : 0xF [CH3=1 CH2=1 CH1=1 CH0=1]
        RXBYTEREALIGN    : 0x0
[MUROSYNC] alive #1 (M v1.9)
[MUROSYNC] alive #2 (M v1.9)
[MUROSYNC] alive #3 (M v1.9)
[MUROSYNC] alive #4 (M v1.9)
